2026-09-28T06:06:24.831576+00:00 START fix-reproduce-first
2026-09-28T06:13:47.008789+00:00 PASS fix-reproduce-first (442.2s)
2026-09-28T06:13:47.016477+00:00 START view-recovery-bin
2026-09-28T06:19:03.136835+00:00 PASS view-recovery-bin (316.1s)
2026-09-28T06:19:03.143121+00:00 START timeout-votes-lib
2026-09-28T06:23:15.246801+00:00 PASS timeout-votes-lib (252.1s)
2026-09-28T06:23:15.260307+00:00 START fastpay-committee-lib
2026-09-28T06:27:36.359562+00:00 PASS fastpay-committee-lib (261.1s)
2026-09-28T06:27:36.372680+00:00 START node-fastpay
2026-09-28T06:31:58.482471+00:00 PASS node-fastpay (262.1s)
2026-09-28T06:31:58.488117+00:00 START format
2026-09-28T06:32:00.493549+00:00 PASS format (2.0s)
2026-09-28T06:32:00.495701+00:00 START proof-input-inventory
2026-09-28T06:32:01.500673+00:00 PASS proof-input-inventory (1.0s)
2026-09-28T06:32:01.514805+00:00 START workspace-check
2026-09-28T06:32:35.534684+00:00 PASS workspace-check (34.0s)
2026-09-28T06:32:35.541261+00:00 START workspace-clippy
2026-09-28T06:33:55.575738+00:00 PASS workspace-clippy (80.0s)
2026-09-28T06:33:55.589530+00:00 START fastpay-types
2026-09-28T06:34:55.617643+00:00 PASS fastpay-types (60.0s)
2026-09-28T06:34:55.632977+00:00 START fastpay-execution
2026-09-28T06:36:19.670361+00:00 PASS fastpay-execution (84.0s)
2026-09-28T06:36:19.683444+00:00 START cobalt-handoff-tests
2026-09-28T06:40:35.789517+00:00 PASS cobalt-handoff-tests (256.1s)
2026-09-28T06:40:35.804051+00:00 START live-replay-supply
2026-09-28T06:44:46.908423+00:00 PASS live-replay-supply (251.1s)
2026-09-28T06:44:46.922008+00:00 START warm-latency
2026-09-28T06:49:47.080608+00:00 TIMEOUT warm-latency (300.2s)
