{
  "schema": "postfiat.deployment_validator_unit_stage.v1",
  "release_id": "signer-rotation-20261007",
  "rootfs_dir": "/home/postfiatchad/.postfiat/deployments/signer-rotation-20261007/stage/rootfs",
  "binary_file": "/home/postfiatchad/.postfiat/deployments/signer-rotation-20261007/stage/rootfs/opt/postfiat/releases/signer-rotation-20261007/postfiat-node",
  "topology_file": "/home/postfiatchad/.postfiat/deployments/signer-rotation-20261007/stage/rootfs/etc/postfiat/releases/signer-rotation-20261007/topology.json",
  "swap_circuit_metadata_file": "/home/postfiatchad/.postfiat/deployments/signer-rotation-20261007/stage/rootfs/etc/postfiat/releases/signer-rotation-20261007/swap.metadata.json",
  "private_egress_circuit_metadata_file": "/home/postfiatchad/.postfiat/deployments/signer-rotation-20261007/stage/rootfs/etc/postfiat/releases/signer-rotation-20261007/private-egress.metadata.json",
  "signing_bindings_file": "/home/postfiatchad/.postfiat/deployments/signer-rotation-20261007/stage/validator-bindings.signing.json",
  "validators": [
    {
      "validator_id": "validator-0",
      "rpc_unit_file": "/home/postfiatchad/.postfiat/deployments/signer-rotation-20261007/stage/rootfs/etc/systemd/system/postfiat-validator-0-rpc.service",
      "rpc_environment_file": "/home/postfiatchad/.postfiat/deployments/signer-rotation-20261007/stage/rootfs/etc/postfiat/releases/signer-rotation-20261007/validator-0.rpc.env",
      "transport_unit_file": "/home/postfiatchad/.postfiat/deployments/signer-rotation-20261007/stage/rootfs/etc/systemd/system/postfiat-validator-0.service",
      "transport_environment_file": "/home/postfiatchad/.postfiat/deployments/signer-rotation-20261007/stage/rootfs/etc/postfiat/releases/signer-rotation-20261007/validator-0.transport.env",
      "runtime_bindings_file": "/home/postfiatchad/.postfiat/deployments/signer-rotation-20261007/stage/rootfs/etc/postfiat/releases/signer-rotation-20261007/validator-0.bindings.json"
    },
    {
      "validator_id": "validator-1",
      "rpc_unit_file": "/home/postfiatchad/.postfiat/deployments/signer-rotation-20261007/stage/rootfs/etc/systemd/system/postfiat-validator-1-rpc.service",
      "rpc_environment_file": "/home/postfiatchad/.postfiat/deployments/signer-rotation-20261007/stage/rootfs/etc/postfiat/releases/signer-rotation-20261007/validator-1.rpc.env",
      "transport_unit_file": "/home/postfiatchad/.postfiat/deployments/signer-rotation-20261007/stage/rootfs/etc/systemd/system/postfiat-validator-1.service",
      "transport_environment_file": "/home/postfiatchad/.postfiat/deployments/signer-rotation-20261007/stage/rootfs/etc/postfiat/releases/signer-rotation-20261007/validator-1.transport.env",
      "runtime_bindings_file": "/home/postfiatchad/.postfiat/deployments/signer-rotation-20261007/stage/rootfs/etc/postfiat/releases/signer-rotation-20261007/validator-1.bindings.json"
    },
    {
      "validator_id": "validator-2",
      "rpc_unit_file": "/home/postfiatchad/.postfiat/deployments/signer-rotation-20261007/stage/rootfs/etc/systemd/system/postfiat-validator-2-rpc.service",
      "rpc_environment_file": "/home/postfiatchad/.postfiat/deployments/signer-rotation-20261007/stage/rootfs/etc/postfiat/releases/signer-rotation-20261007/validator-2.rpc.env",
      "transport_unit_file": "/home/postfiatchad/.postfiat/deployments/signer-rotation-20261007/stage/rootfs/etc/systemd/system/postfiat-validator-2.service",
      "transport_environment_file": "/home/postfiatchad/.postfiat/deployments/signer-rotation-20261007/stage/rootfs/etc/postfiat/releases/signer-rotation-20261007/validator-2.transport.env",
      "runtime_bindings_file": "/home/postfiatchad/.postfiat/deployments/signer-rotation-20261007/stage/rootfs/etc/postfiat/releases/signer-rotation-20261007/validator-2.bindings.json"
    },
    {
      "validator_id": "validator-3",
      "rpc_unit_file": "/home/postfiatchad/.postfiat/deployments/signer-rotation-20261007/stage/rootfs/etc/systemd/system/postfiat-validator-3-rpc.service",
      "rpc_environment_file": "/home/postfiatchad/.postfiat/deployments/signer-rotation-20261007/stage/rootfs/etc/postfiat/releases/signer-rotation-20261007/validator-3.rpc.env",
      "transport_unit_file": "/home/postfiatchad/.postfiat/deployments/signer-rotation-20261007/stage/rootfs/etc/systemd/system/postfiat-validator-3.service",
      "transport_environment_file": "/home/postfiatchad/.postfiat/deployments/signer-rotation-20261007/stage/rootfs/etc/postfiat/releases/signer-rotation-20261007/validator-3.transport.env",
      "runtime_bindings_file": "/home/postfiatchad/.postfiat/deployments/signer-rotation-20261007/stage/rootfs/etc/postfiat/releases/signer-rotation-20261007/validator-3.bindings.json"
    },
    {
      "validator_id": "validator-4",
      "rpc_unit_file": "/home/postfiatchad/.postfiat/deployments/signer-rotation-20261007/stage/rootfs/etc/systemd/system/postfiat-validator-4-rpc.service",
      "rpc_environment_file": "/home/postfiatchad/.postfiat/deployments/signer-rotation-20261007/stage/rootfs/etc/postfiat/releases/signer-rotation-20261007/validator-4.rpc.env",
      "transport_unit_file": "/home/postfiatchad/.postfiat/deployments/signer-rotation-20261007/stage/rootfs/etc/systemd/system/postfiat-validator-4.service",
      "transport_environment_file": "/home/postfiatchad/.postfiat/deployments/signer-rotation-20261007/stage/rootfs/etc/postfiat/releases/signer-rotation-20261007/validator-4.transport.env",
      "runtime_bindings_file": "/home/postfiatchad/.postfiat/deployments/signer-rotation-20261007/stage/rootfs/etc/postfiat/releases/signer-rotation-20261007/validator-4.bindings.json"
    },
    {
      "validator_id": "validator-5",
      "rpc_unit_file": "/home/postfiatchad/.postfiat/deployments/signer-rotation-20261007/stage/rootfs/etc/systemd/system/postfiat-validator-5-rpc.service",
      "rpc_environment_file": "/home/postfiatchad/.postfiat/deployments/signer-rotation-20261007/stage/rootfs/etc/postfiat/releases/signer-rotation-20261007/validator-5.rpc.env",
      "transport_unit_file": "/home/postfiatchad/.postfiat/deployments/signer-rotation-20261007/stage/rootfs/etc/systemd/system/postfiat-validator-5.service",
      "transport_environment_file": "/home/postfiatchad/.postfiat/deployments/signer-rotation-20261007/stage/rootfs/etc/postfiat/releases/signer-rotation-20261007/validator-5.transport.env",
      "runtime_bindings_file": "/home/postfiatchad/.postfiat/deployments/signer-rotation-20261007/stage/rootfs/etc/postfiat/releases/signer-rotation-20261007/validator-5.bindings.json"
    }
  ]
}
